RAM Allocation [bytes]
Variable                                                                          Address   Size
------------------------------------------------------------------------------------------------
data_temp                                                                         0x0160       4
data_buff                                                                         0x0164     160

EEPROM Allocation [bytes]
Variable                                                                          Address   Size
------------------------------------------------------------------------------------------------

Register Allocation
Variable                                                                          Register  Size
------------------------------------------------------------------------------------------------
led_cnt                                                                           R7           1
data_led                                                                          R6           1
data_single_led                                                                   R9           1
data                                                                              R10,R11      2
buff_cnt                                                                          R8           1
loop_cnt                                                                          R13          1
loop_read_cnt                                                                     R12          1

FLASH Allocation [words]
Function                                                                          Address   Size
------------------------------------------------------------------------------------------------
timer1_ovf_isr                                                                    0x00047     89
SCAN_LED                                                                          0x000A0    105
LED_SELECT                                                                        0x00109     40
SELECT_INPUT                                                                      0x00131     61
SELECT_INPUT_COMPARE                                                              0x0016E     41
READ_SELECT                                                                       0x00197   1434
main                                                                              0x00731    160
SPI_SENDBYTE                                                                      0x007D1     26
SPI_7753_SEND                                                                     0x007EB     27
SPI_7753_RECEIVE                                                                  0x00806     22
ADE7753_WRITE                                                                     0x0081C     73
