RAM Allocation [bytes]
Variable                                                                          Address   Size
------------------------------------------------------------------------------------------------
data_temp                                                                         0x0160       4
data_buff                                                                         0x0164      20

EEPROM Allocation [bytes]
Variable                                                                          Address   Size
------------------------------------------------------------------------------------------------

Register Allocation
Variable                                                                          Register  Size
------------------------------------------------------------------------------------------------
led_cnt                                                                           R7           1
data_led                                                                          R6           1
data_single_led                                                                   R9           1
data                                                                              R10,R11      2
buff_cnt                                                                          R8           1
loop_cnt                                                                          R13          1

FLASH Allocation [words]
Function                                                                          Address   Size
------------------------------------------------------------------------------------------------
timer1_ovf_isr                                                                    0x00047     89
SCAN_LED                                                                          0x000A0    105
LED_SELECT                                                                        0x00109     40
SELECT_INPUT                                                                      0x00131     61
SELECT_INPUT_COMPARE                                                              0x0016E     41
READ_SELECT                                                                       0x00197    493
main                                                                              0x00384     58
SPI_SENDBYTE                                                                      0x003BE     28
SPI_7753_SEND                                                                     0x003DA     27
SPI_7753_RECEIVE                                                                  0x003F5     22
